// Jest Snapshot v1, https://goo.gl/fbAQLP

exports[`should render Quote 1`] = `
<section>
  <h2
    className="text-2xl"
  >
    Lets get you inspired!
  </h2>
  <blockquote
    className="text-xl mt-4"
  >
    Mathematics is not about numbers, equations, computations or algorithms, is about understanding. - William Paul Thurston
  </blockquote>
</section>
`;
